[14:49:36.619] [INFO] Storybook upgrade - v10.1.11
[14:49:36.621] [INFO] detect-projects-spinner-start: Detecting projects...
[14:49:36.622] [DEBUG] Finding Storybook projects...
[14:49:36.741] [DEBUG] Found 2 Storybook projects
[14:49:36.743] [INFO] detect-projects-spinner: Detecting projects: 1 projects
[14:49:36.744] [DEBUG] Getting Storybook data...
[14:49:36.744] [DEBUG] Getting Storybook info...
[14:49:36.748] [INFO] detect-projects-spinner: Detecting projects: 2 projects
[14:49:36.748] [DEBUG] Getting Storybook data...
[14:49:36.748] [DEBUG] Getting Storybook info...
[14:49:37.275] [DEBUG] Loading main config...
[14:49:37.275] [DEBUG] Getting stories paths...
[14:49:37.286] [DEBUG] Loading main config...
[14:49:37.286] [DEBUG] Getting stories paths...
[14:49:37.296] [DEBUG] Getting package manager...
[14:49:37.621] [DEBUG] Getting package.json info for /Users/jhons/Downloads/FE/ui-components/examples/next/package.json...
[14:49:37.621] [DEBUG] Getting Storybook version...
[14:49:37.621] [DEBUG] /examples/next/.storybook - Validating before version... 10.1.11
[14:49:37.621] [DEBUG] /examples/next/.storybook - Validating upgrade compatibility...
[14:49:37.621] [DEBUG] /examples/next/.storybook - Fetching NPM version information...
[14:49:37.621] [DEBUG] Getting CLI versions from NPM for storybook...
[14:49:37.621] [DEBUG] Executing command: pnpm info storybook version
[14:49:37.623] [DEBUG] Getting CLI versions from NPM for storybook@next...
[14:49:37.623] [DEBUG] Executing command: pnpm info storybook@next version
[14:49:37.626] [DEBUG] Getting package manager...
[14:49:37.950] [DEBUG] Getting package.json info for /Users/jhons/Downloads/FE/ui-components/examples/react/package.json...
[14:49:37.950] [DEBUG] Getting Storybook version...
[14:49:37.950] [DEBUG] /examples/react/.storybook - Validating before version... 10.1.11
[14:49:37.950] [DEBUG] /examples/react/.storybook - Validating upgrade compatibility...
[14:49:37.950] [DEBUG] /examples/react/.storybook - Fetching NPM version information...
[14:49:37.950] [DEBUG] Getting CLI versions from NPM for storybook...
[14:49:37.950] [DEBUG] Executing command: pnpm info storybook version
[14:49:37.951] [DEBUG] Getting CLI versions from NPM for storybook@next...
[14:49:37.951] [DEBUG] Executing command: pnpm info storybook@next version
[14:49:38.362] [DEBUG] /examples/next/.storybook - Evaluating blockers...
[14:49:38.371] [DEBUG] Getting installed version for @storybook/experimental-addon-test...
[14:49:38.371] [DEBUG] Executing command: pnpm list "@storybook/experimental-addon-test" --json --depth=99
[14:49:38.477] [DEBUG] /examples/react/.storybook - Evaluating blockers...
[14:49:38.478] [DEBUG] Using cached package.json for /Users/jhons/Downloads/FE/ui-components/package.json...
[14:49:38.478] [DEBUG] Getting installed version for @storybook/experimental-addon-test...
[14:49:38.478] [DEBUG] Executing command: pnpm list "@storybook/experimental-addon-test" --json --depth=99
[14:49:38.694] [INFO] detect-projects-spinner-stop: 2 projects detected
[14:49:38.694] [DEBUG] Found 2 valid projects and 0 error projects
[14:53:29.190] [PROMPT] Select which projects to upgrade {"choice":["/Users/jhons/Downloads/FE/ui-components/examples/react/.storybook"]}
[14:53:29.191] [INFO] Upgrading from [1m10.1.11[22m to [1m10.1.11[22m
[14:53:29.192] [INFO] upgrade-dependencies-task-start: Fetching versions to update package.json files..
[14:53:29.192] [DEBUG] Updating dependencies in /examples/react/.storybook...
[14:53:29.192] [INFO] upgrade-dependencies-task: /examples/react/package.json
/package.json
[14:53:29.193] [DEBUG] Using cached package.json for /Users/jhons/Downloads/FE/ui-components/examples/react/package.json...
[14:53:29.193] [DEBUG] {
  "upgradedDependencies": []
}
[14:53:29.193] [DEBUG] {
  "upgradedDevDependencies": [
    "@storybook/addon-docs@^10.1.11",
    "@storybook/react@10.1.11",
    "@storybook/react-vite@^10.1.11",
    "storybook@^10.1.11"
  ]
}
[14:53:29.193] [DEBUG] {
  "upgradedPeerDependencies": []
}
[14:53:29.193] [DEBUG] Getting package.json info for /Users/jhons/Downloads/FE/ui-components/examples/react/package.json...
[14:53:29.193] [DEBUG] Using cached package.json for /Users/jhons/Downloads/FE/ui-components/examples/react/package.json...
[14:53:29.195] [DEBUG] Getting package.json info for /Users/jhons/Downloads/FE/ui-components/examples/react/package.json...
[14:53:29.195] [DEBUG] Using cached package.json for /Users/jhons/Downloads/FE/ui-components/examples/react/package.json...
[14:53:29.195] [DEBUG] Getting CLI versions from NPM for @storybook/addon-docs...
[14:53:29.195] [DEBUG] Executing command: pnpm info @storybook/addon-docs version
[14:53:29.802] [DEBUG] Getting CLI versions from NPM for @storybook/react...
[14:53:29.803] [DEBUG] Executing command: pnpm info @storybook/react version
[14:53:30.558] [DEBUG] Getting CLI versions from NPM for @storybook/react-vite...
[14:53:30.558] [DEBUG] Executing command: pnpm info @storybook/react-vite version
[14:53:31.241] [DEBUG] Using cached version for storybook...
[14:53:31.241] [DEBUG] Getting package.json info for /Users/jhons/Downloads/FE/ui-components/examples/react/package.json...
[14:53:31.241] [DEBUG] Using cached package.json for /Users/jhons/Downloads/FE/ui-components/examples/react/package.json...
[14:53:31.241] [DEBUG] Using cached package.json for /Users/jhons/Downloads/FE/ui-components/package.json...
[14:53:31.241] [DEBUG] {
  "upgradedDependencies": []
}
[14:53:31.241] [DEBUG] {
  "upgradedDevDependencies": []
}
[14:53:31.241] [DEBUG] {
  "upgradedPeerDependencies": []
}
[14:53:31.241] [DEBUG] Getting package.json info for /Users/jhons/Downloads/FE/ui-components/package.json...
[14:53:31.241] [DEBUG] Using cached package.json for /Users/jhons/Downloads/FE/ui-components/package.json...
[14:53:31.242] [DEBUG] Getting package.json info for /Users/jhons/Downloads/FE/ui-components/package.json...
[14:53:31.242] [DEBUG] Using cached package.json for /Users/jhons/Downloads/FE/ui-components/package.json...
[14:53:31.242] [DEBUG] Getting package.json info for /Users/jhons/Downloads/FE/ui-components/package.json...
[14:53:31.242] [DEBUG] Using cached package.json for /Users/jhons/Downloads/FE/ui-components/package.json...
[14:53:31.242] [INFO] upgrade-dependencies-task-success: Updated package versions in package.json files
[14:53:31.242] [INFO] detect-automigrations-task-start: Detecting automigrations...
[14:53:31.242] [DEBUG] Starting automigration collection across 1 projects and 19 fixes...
[14:53:31.242] [INFO] detect-automigrations-task: Checking automigrations for /examples/react/.storybook...
[14:53:31.242] [DEBUG] Processing project: /examples/react/.storybook
[14:53:31.242] [DEBUG] Checking fix eslintPlugin for project /examples/react/.storybook...
[14:53:31.242] [DEBUG] Using cached package.json for /Users/jhons/Downloads/FE/ui-components/examples/react/package.json...
[14:53:31.242] [DEBUG] Using cached package.json for /Users/jhons/Downloads/FE/ui-components/package.json...
[14:53:31.242] [DEBUG] Using cached package.json for /Users/jhons/Downloads/FE/ui-components/examples/react/package.json...
[14:53:31.243] [DEBUG] Checking fix addon-mdx-gfm-remove for project /examples/react/.storybook...
[14:53:31.243] [DEBUG] Using cached package.json for /Users/jhons/Downloads/FE/ui-components/examples/react/package.json...
[14:53:31.243] [DEBUG] Using cached package.json for /Users/jhons/Downloads/FE/ui-components/package.json...
[14:53:31.243] [DEBUG] Checking fix addon-storysource-code-panel for project /examples/react/.storybook...
[14:53:31.243] [DEBUG] Checking fix upgrade-storybook-related-dependencies for project /examples/react/.storybook...
[14:53:31.243] [DEBUG] Checking for incompatible storybook packages...
[14:53:31.243] [DEBUG] Using cached package.json for /Users/jhons/Downloads/FE/ui-components/examples/react/package.json...
[14:53:31.243] [DEBUG] Using cached package.json for /Users/jhons/Downloads/FE/ui-components/package.json...
[14:53:31.244] [DEBUG] Using cached package.json for /Users/jhons/Downloads/FE/ui-components/examples/react/package.json...
[14:53:31.244] [DEBUG] Using cached package.json for /Users/jhons/Downloads/FE/ui-components/package.json...
[14:53:31.244] [DEBUG] Getting installed version for @storybook/addon-essentials...
[14:53:31.244] [DEBUG] Executing command: pnpm list "@storybook/addon-essentials" --json --depth=99
[14:53:31.246] [DEBUG] Getting installed version for @storybook/addon-interactions...
[14:53:31.246] [DEBUG] Executing command: pnpm list "@storybook/addon-interactions" --json --depth=99
[14:53:31.247] [DEBUG] Getting installed version for @storybook/testing-library...
[14:53:31.247] [DEBUG] Executing command: pnpm list "@storybook/testing-library" --json --depth=99
[14:53:31.454] [DEBUG] Getting CLI versions from NPM for @storybook/addon-interactions...
[14:53:31.454] [DEBUG] Executing command: pnpm info @storybook/addon-interactions version
[14:53:31.456] [DEBUG] Getting CLI versions from NPM for @storybook/addon-essentials...
[14:53:31.456] [DEBUG] Executing command: pnpm info @storybook/addon-essentials version
[14:53:31.456] [DEBUG] Getting CLI versions from NPM for @storybook/testing-library...
[14:53:31.456] [DEBUG] Executing command: pnpm info @storybook/testing-library version
[14:53:32.909] [DEBUG] Checking fix initial-globals for project /examples/react/.storybook...
[14:53:32.919] [DEBUG] Checking fix addon-globals-api for project /examples/react/.storybook...
[14:53:32.920] [DEBUG] Checking fix addon-a11y-addon-test for project /examples/react/.storybook...
[14:53:32.920] [DEBUG] Checking fix consolidated-imports for project /examples/react/.storybook...
[14:53:32.921] [DEBUG] Checking fix addon-experimental-test for project /examples/react/.storybook...
[14:53:32.921] [DEBUG] Using cached installed version for @storybook/experimental-addon-test...
[14:53:32.921] [DEBUG] Checking fix rnstorybook-config for project /examples/react/.storybook...
[14:53:32.921] [DEBUG] Using cached package.json for /Users/jhons/Downloads/FE/ui-components/examples/react/package.json...
[14:53:32.921] [DEBUG] Using cached package.json for /Users/jhons/Downloads/FE/ui-components/package.json...
[14:53:32.921] [DEBUG] Checking fix migrate-addon-console for project /examples/react/.storybook...
[14:53:32.921] [DEBUG] Using cached package.json for /Users/jhons/Downloads/FE/ui-components/examples/react/package.json...
[14:53:32.921] [DEBUG] Using cached package.json for /Users/jhons/Downloads/FE/ui-components/package.json...
[14:53:32.921] [DEBUG] Checking fix nextjs-to-nextjs-vite for project /examples/react/.storybook...
[14:53:32.921] [DEBUG] Using cached package.json for /Users/jhons/Downloads/FE/ui-components/examples/react/package.json...
[14:53:32.921] [DEBUG] Using cached package.json for /Users/jhons/Downloads/FE/ui-components/package.json...
[14:53:32.921] [DEBUG] Checking fix remove-addon-interactions for project /examples/react/.storybook...
[14:53:32.921] [DEBUG] Using cached package.json for /Users/jhons/Downloads/FE/ui-components/examples/react/package.json...
[14:53:32.921] [DEBUG] Using cached package.json for /Users/jhons/Downloads/FE/ui-components/package.json...
[14:53:32.921] [DEBUG] Checking fix renderer-to-framework for project /examples/react/.storybook...
[14:53:32.921] [DEBUG] Checking fix remove-essential-addons for project /examples/react/.storybook...
[14:53:32.921] [DEBUG] Using cached package.json for /Users/jhons/Downloads/FE/ui-components/examples/react/package.json...
[14:53:32.921] [DEBUG] Using cached package.json for /Users/jhons/Downloads/FE/ui-components/package.json...
[14:53:32.921] [DEBUG] Checking fix addon-a11y-parameters for project /examples/react/.storybook...
[14:53:32.921] [DEBUG] Checking fix remove-docs-autodocs for project /examples/react/.storybook...
[14:53:32.923] [DEBUG] Checking fix wrap-getAbsolutePath for project /examples/react/.storybook...
[14:53:32.924] [DEBUG] Checking fix fix-faux-esm-require for project /examples/react/.storybook...
[14:53:32.925] [INFO] detect-automigrations-task: 
Automigrations detected:
[14:53:32.926] [INFO] detect-automigrations-task: [32m[32m✔[32m remove-addon-interactions[39m
[14:53:32.926] [INFO] detect-automigrations-task: [32m[32m✔[32m renderer-to-framework[39m
[14:53:32.926] [INFO] detect-automigrations-task-success: 2 automigration(s) detected
[14:53:35.376] [PROMPT] Select automigrations to run {"choice":["remove-addon-interactions","renderer-to-framework"]}
[14:53:35.376] [INFO] automigrate-/examples/react/.storybook-task-start: Running automigrations for /examples/react/.storybook
[14:53:35.379] [DEBUG] Uninstalling @storybook/addon-interactions
[14:53:35.379] [DEBUG] Using cached package.json for /Users/jhons/Downloads/FE/ui-components/examples/react/package.json...
[14:53:35.380] [INFO] automigrate-/examples/react/.storybook-task: [32m[32m✔[32m remove-addon-interactions[39m
[14:53:35.380] [DEBUG] 
Migrating @storybook/react to @storybook/react-vite
[14:53:35.385] [DEBUG] Updating package.json files...
[14:53:35.385] [INFO] automigrate-/examples/react/.storybook-task: [32m[32m✔[32m renderer-to-framework[39m
[14:53:35.385] [INFO] automigrate-/examples/react/.storybook-task-success: Completed automigrations for /examples/react/.storybook
[14:53:35.386] [INFO] Installing dependencies...
[14:53:35.386] [INFO] install-dependencies-spinner-start: Installing dependencies...
[14:53:35.386] [DEBUG] Executing command: pnpm install -w
[14:53:35.648] [INFO] Installing dependencies...:  WARN  `node_modules` is present. Lockfile only installation will make it out-of-date

[14:53:35.648] [INFO] install-dependencies-spinner: Installing dependencies...: WARN  `node_modules` is p
[14:53:35.664] [INFO] Installing dependencies...: Progress: resolved 1, reused 0, downloaded 0, added 0

[14:53:35.664] [INFO] install-dependencies-spinner: Installing dependencies...: Progress: resolved 1, reu
[14:53:35.680] [INFO] Installing dependencies...: examples/next                            |  WARN  deprecated @storybook/testing-library@0.2.2

[14:53:35.680] [INFO] install-dependencies-spinner: Installing dependencies...: examples/next            
[14:53:36.664] [INFO] Installing dependencies...: Progress: resolved 540, reused 0, downloaded 0, added 0

[14:53:36.664] [INFO] install-dependencies-spinner: Installing dependencies...: Progress: resolved 540, r
[14:53:37.084] [INFO] Installing dependencies...:  WARN  3 deprecated subdependencies found: glob@7.2.3, inflight@1.0.6, rimraf@3.0.2

[14:53:37.084] [INFO] install-dependencies-spinner: Installing dependencies...: WARN  3 deprecated subdep
[14:53:37.121] [INFO] Installing dependencies...: Progress: resolved 811, reused 0, downloaded 0, added 0, done

[14:53:37.121] [INFO] install-dependencies-spinner: Installing dependencies...: Progress: resolved 811, r
[14:53:37.122] [INFO] Installing dependencies...: 

[14:53:37.122] [INFO] install-dependencies-spinner: Installing dependencies...: 
[14:53:37.123] [INFO] Installing dependencies...:  WARN  Issues with peer dependencies found
examples/react
└─┬ @storybook/addon-essentials 8.6.15
  ├── ✕ unmet peer storybook@^8.6.15: found 10.1.11
  ├─┬ @storybook/addon-docs 8.6.15
  │ ├── ✕ unmet peer storybook@^8.6.15: found 10.1.11
  │ ├─┬ @storybook/csf-plugin 8.6.15
  │ │ └── ✕ unmet peer storybook@^8.6.15: found 10.1.11
  │ ├─┬ @storybook/react-dom-shim 8.6.15
  │ │ └── ✕ unmet peer storybook@^8.6.15: found 10.1.11
  │ └─┬ @storybook/blocks 8.6.15
  │   └── ✕ unmet peer storybook@^8.6.15: found 10.1.11
  ├─┬ @storybook/addon-measure 8.6.15
  │ └── ✕ unmet peer storybook@^8.6.15: found 10.1.11
  ├─┬ @storybook/addon-highlight 8.6.15
  │ └── ✕ unmet peer storybook@^8.6.15: found 10.1.11
  ├─┬ @storybook/addon-outline 8.6.15
  │ └── ✕ unmet peer storybook@^8.6.15: found 10.1.11
  ├─┬ @storybook/addon-controls 8.6.15
  │ └── ✕ unmet peer storybook@^8.6.15: found 10.1.11
  ├─┬ @storybook/addon-toolbars 8.6.15
  │ └── ✕ unmet peer storybook@^8.6.15: found 10.1.11
  ├─┬ @storybook/addon-actions 8.6.15
  │ └── ✕ unmet peer storybook@^8.6.15: found 10.1.11
  ├─┬ @storybook/addon-viewport 8.6.15
  │ └── ✕ unmet peer storybook@^8.6.15: found 10.1.11
  └─┬ @storybook/addon-backgrounds 8.6.15
    └── ✕ unmet peer storybook@^8.6.15: found 10.1.11


[14:53:37.123] [INFO] install-dependencies-spinner: Installing dependencies...: WARN  Issues with peer de
[14:53:37.140] [INFO] Installing dependencies...: Already up to date

[14:53:37.140] [INFO] install-dependencies-spinner: Installing dependencies...: Already up to date
[14:53:37.213] [INFO] Installing dependencies...: Done in 1.7s

[14:53:37.213] [INFO] install-dependencies-spinner: Installing dependencies...: Done in 1.7s
[14:53:37.230] [INFO] Dependencies installed
[14:53:37.230] [INFO] install-dependencies-spinner-stop: Dependencies installed
[14:53:37.230] [INFO] Checking the health of your project(s)..
[14:53:37.231] [DEBUG] Using cached package.json for /Users/jhons/Downloads/FE/ui-components/examples/react/package.json...
[14:53:37.231] [DEBUG] Using cached package.json for /Users/jhons/Downloads/FE/ui-components/package.json...
[14:53:37.231] [DEBUG] Executing command: pnpm list "@storybook/*" "storybook" --json --depth=99
[14:53:37.440] [WARN] /examples/react/.storybook: 1 issue found
[14:53:37.441] [INFO] You are currently using Storybook [1m10.1.11[22m but you have packages which are incompatible with it:

- @storybook/addon-essentials@8.6.15 which depends on 8.6.15
 Repo: https://github.com/storybookjs/storybook/tree/next/code/addons/essentials

Please consider updating your packages or contacting the maintainers for compatibility details.

For more details on compatibility guidance, see:
https://github.com/storybookjs/storybook/issues/32836
[14:53:37.441] [INFO] Storybook doctor is complete!
[14:53:37.441] [INFO] You can always recheck the health of your project(s) by running:
[36mnpx storybook doctor[39m
[14:53:37.441] [INFO] [33mYour project(s) have been upgraded successfully, but some issues were found which need your attention, please check Storybook doctor logs above.[39m
[14:53:37.441] [INFO] If you want to learn more about the automigrations that executed in your project(s), please check the following links:
• ]8;;https://github.com/storybookjs/storybook/blob/next/MIGRATION.md#essentials-addon-viewport-controls-interactions-and-actions-moved-to-coreremove-addon-interactions]8;;
• ]8;;https://github.com/storybookjs/storybook/blob/next/MIGRATION.md#moving-from-renderer-based-to-framework-based-configurationrenderer-to-framework]8;;
[14:53:37.442] [INFO] For a full list of changes, please check our migration guide: [36mhttps://storybook.js.org/docs/releases/migration-guide?ref=upgrade[39m
[14:53:37.442] [INFO] Storybook collects completely anonymous usage telemetry. We use it to shape Storybook's roadmap and prioritize features. You can learn more, including how to opt out, at https://storybook.js.org/telemetry
[14:53:38.820] [INFO] Storybook upgrade completed!